// Jest Snapshot v1, https://goo.gl/fbAQLP

exports[`Page section component should render with it's default snapshot 1`] = `
<styled.div
  className="PageSection null"
  id="PageSection-null"
  style={Object {}}
>
  <DefaultContainer
    Item={[Function]}
    ItemProps={
      Object {
        "componentId": "PageSection-Item",
      }
    }
    backgroundColor={null}
    className={null}
    componentId="PageSection-Container"
    id={null}
    items={Array []}
    style={Object {}}
  />
</styled.div>
`;
